

⚠️ The AI service failed: API key is not set. Please provide it in the UI.